Archive member included to satisfy reference by file (symbol)

/usr/lib/gcc/arm-none-eabi/12.2.0/thumb/v6-m/nofp/libgcc.a(_udivsi3.o)
                              CMakeFiles/learning.elf.dir/Drivers/STM32F0xx_HAL_Driver/Src/stm32f0xx_hal.c.obj (__aeabi_uidiv)
/usr/lib/gcc/arm-none-eabi/12.2.0/thumb/v6-m/nofp/libgcc.a(_dvmd_tls.o)
                              /usr/lib/gcc/arm-none-eabi/12.2.0/thumb/v6-m/nofp/libgcc.a(_udivsi3.o) (__aeabi_idiv0)
/usr/lib/gcc/arm-none-eabi/12.2.0/../../../../arm-none-eabi/lib/thumb/v6-m/nofp/libg.a(libc_a-atexit.o)
                              /usr/lib/gcc/arm-none-eabi/12.2.0/../../../../arm-none-eabi/lib/thumb/v6-m/nofp/crt0.o (atexit)
/usr/lib/gcc/arm-none-eabi/12.2.0/../../../../arm-none-eabi/lib/thumb/v6-m/nofp/libg.a(libc_a-exit.o)
                              /usr/lib/gcc/arm-none-eabi/12.2.0/../../../../arm-none-eabi/lib/thumb/v6-m/nofp/crt0.o (exit)
/usr/lib/gcc/arm-none-eabi/12.2.0/../../../../arm-none-eabi/lib/thumb/v6-m/nofp/libg.a(libc_a-findfp.o)
                              /usr/lib/gcc/arm-none-eabi/12.2.0/../../../../arm-none-eabi/lib/thumb/v6-m/nofp/libg.a(libc_a-exit.o) (__stdio_exit_handler)
/usr/lib/gcc/arm-none-eabi/12.2.0/../../../../arm-none-eabi/lib/thumb/v6-m/nofp/libg.a(libc_a-fwalk.o)
                              /usr/lib/gcc/arm-none-eabi/12.2.0/../../../../arm-none-eabi/lib/thumb/v6-m/nofp/libg.a(libc_a-findfp.o) (_fwalk_sglue)
/usr/lib/gcc/arm-none-eabi/12.2.0/../../../../arm-none-eabi/lib/thumb/v6-m/nofp/libg.a(libc_a-stdio.o)
                              /usr/lib/gcc/arm-none-eabi/12.2.0/../../../../arm-none-eabi/lib/thumb/v6-m/nofp/libg.a(libc_a-findfp.o) (__sread)
/usr/lib/gcc/arm-none-eabi/12.2.0/../../../../arm-none-eabi/lib/thumb/v6-m/nofp/libg.a(libc_a-memset.o)
                              /usr/lib/gcc/arm-none-eabi/12.2.0/../../../../arm-none-eabi/lib/thumb/v6-m/nofp/crt0.o (memset)
/usr/lib/gcc/arm-none-eabi/12.2.0/../../../../arm-none-eabi/lib/thumb/v6-m/nofp/libg.a(libc_a-closer.o)
                              /usr/lib/gcc/arm-none-eabi/12.2.0/../../../../arm-none-eabi/lib/thumb/v6-m/nofp/libg.a(libc_a-stdio.o) (_close_r)
/usr/lib/gcc/arm-none-eabi/12.2.0/../../../../arm-none-eabi/lib/thumb/v6-m/nofp/libg.a(libc_a-reent.o)
                              /usr/lib/gcc/arm-none-eabi/12.2.0/../../../../arm-none-eabi/lib/thumb/v6-m/nofp/libg.a(libc_a-closer.o) (errno)
/usr/lib/gcc/arm-none-eabi/12.2.0/../../../../arm-none-eabi/lib/thumb/v6-m/nofp/libg.a(libc_a-impure.o)
                              /usr/lib/gcc/arm-none-eabi/12.2.0/../../../../arm-none-eabi/lib/thumb/v6-m/nofp/libg.a(libc_a-reent.o) (_impure_ptr)
/usr/lib/gcc/arm-none-eabi/12.2.0/../../../../arm-none-eabi/lib/thumb/v6-m/nofp/libg.a(libc_a-lseekr.o)
                              /usr/lib/gcc/arm-none-eabi/12.2.0/../../../../arm-none-eabi/lib/thumb/v6-m/nofp/libg.a(libc_a-stdio.o) (_lseek_r)
/usr/lib/gcc/arm-none-eabi/12.2.0/../../../../arm-none-eabi/lib/thumb/v6-m/nofp/libg.a(libc_a-readr.o)
                              /usr/lib/gcc/arm-none-eabi/12.2.0/../../../../arm-none-eabi/lib/thumb/v6-m/nofp/libg.a(libc_a-stdio.o) (_read_r)
/usr/lib/gcc/arm-none-eabi/12.2.0/../../../../arm-none-eabi/lib/thumb/v6-m/nofp/libg.a(libc_a-writer.o)
                              /usr/lib/gcc/arm-none-eabi/12.2.0/../../../../arm-none-eabi/lib/thumb/v6-m/nofp/libg.a(libc_a-stdio.o) (_write_r)
/usr/lib/gcc/arm-none-eabi/12.2.0/../../../../arm-none-eabi/lib/thumb/v6-m/nofp/libg.a(libc_a-errno.o)
                              CMakeFiles/learning.elf.dir/Src/syscalls.c.obj (__errno)
/usr/lib/gcc/arm-none-eabi/12.2.0/../../../../arm-none-eabi/lib/thumb/v6-m/nofp/libg.a(libc_a-init.o)
                              /usr/lib/gcc/arm-none-eabi/12.2.0/../../../../arm-none-eabi/lib/thumb/v6-m/nofp/crt0.o (__libc_init_array)
/usr/lib/gcc/arm-none-eabi/12.2.0/../../../../arm-none-eabi/lib/thumb/v6-m/nofp/libg.a(libc_a-fini.o)
                              /usr/lib/gcc/arm-none-eabi/12.2.0/../../../../arm-none-eabi/lib/thumb/v6-m/nofp/crt0.o (__libc_fini_array)
/usr/lib/gcc/arm-none-eabi/12.2.0/../../../../arm-none-eabi/lib/thumb/v6-m/nofp/libg.a(libc_a-lock.o)
                              /usr/lib/gcc/arm-none-eabi/12.2.0/../../../../arm-none-eabi/lib/thumb/v6-m/nofp/libg.a(libc_a-findfp.o) (__retarget_lock_init_recursive)
/usr/lib/gcc/arm-none-eabi/12.2.0/../../../../arm-none-eabi/lib/thumb/v6-m/nofp/libg.a(libc_a-__atexit.o)
                              /usr/lib/gcc/arm-none-eabi/12.2.0/../../../../arm-none-eabi/lib/thumb/v6-m/nofp/libg.a(libc_a-atexit.o) (__register_exitproc)
/usr/lib/gcc/arm-none-eabi/12.2.0/../../../../arm-none-eabi/lib/thumb/v6-m/nofp/libg.a(libc_a-__call_atexit.o)
                              /usr/lib/gcc/arm-none-eabi/12.2.0/../../../../arm-none-eabi/lib/thumb/v6-m/nofp/libg.a(libc_a-exit.o) (__call_exitprocs)
/usr/lib/gcc/arm-none-eabi/12.2.0/../../../../arm-none-eabi/lib/thumb/v6-m/nofp/libg.a(libc_a-freer.o)
[...]
Memory Configuration

Name             Origin             Length             Attributes
RAM              0x0000000020000000 0x0000000000001000 xrw
FLASH            0x0000000008000000 0x0000000000004000 xr
*default*        0x0000000000000000 0xffffffffffffffff

Linker script and memory map

LOAD /usr/lib/gcc/arm-none-eabi/12.2.0/thumb/v6-m/nofp/crti.o
LOAD /usr/lib/gcc/arm-none-eabi/12.2.0/thumb/v6-m/nofp/crtbegin.o
LOAD /usr/lib/gcc/arm-none-eabi/12.2.0/../../../../arm-none-eabi/lib/thumb/v6-m/nofp/crt0.o
LOAD CMakeFiles/learning.elf.dir/Drivers/STM32F0xx_HAL_Driver/Src/stm32f0xx_hal.c.obj
LOAD CMakeFiles/learning.elf.dir/Drivers/STM32F0xx_HAL_Driver/Src/stm32f0xx_hal_cortex.c.obj
LOAD CMakeFiles/learning.elf.dir/Drivers/STM32F0xx_HAL_Driver/Src/stm32f0xx_hal_dma.c.obj
LOAD CMakeFiles/learning.elf.dir/Drivers/STM32F0xx_HAL_Driver/Src/stm32f0xx_hal_exti.c.obj
LOAD CMakeFiles/learning.elf.dir/Drivers/STM32F0xx_HAL_Driver/Src/stm32f0xx_hal_flash.c.obj
LOAD CMakeFiles/learning.elf.dir/Drivers/STM32F0xx_HAL_Driver/Src/stm32f0xx_hal_flash_ex.c.obj
LOAD CMakeFiles/learning.elf.dir/Drivers/STM32F0xx_HAL_Driver/Src/stm32f0xx_hal_gpio.c.obj
LOAD CMakeFiles/learning.elf.dir/Drivers/STM32F0xx_HAL_Driver/Src/stm32f0xx_hal_i2c.c.obj
LOAD CMakeFiles/learning.elf.dir/Drivers/STM32F0xx_HAL_Driver/Src/stm32f0xx_hal_i2c_ex.c.obj
LOAD CMakeFiles/learning.elf.dir/Drivers/STM32F0xx_HAL_Driver/Src/stm32f0xx_hal_pwr.c.obj
LOAD CMakeFiles/learning.elf.dir/Drivers/STM32F0xx_HAL_Driver/Src/stm32f0xx_hal_pwr_ex.c.obj
LOAD CMakeFiles/learning.elf.dir/Drivers/STM32F0xx_HAL_Driver/Src/stm32f0xx_hal_rcc.c.obj
LOAD CMakeFiles/learning.elf.dir/Drivers/STM32F0xx_HAL_Driver/Src/stm32f0xx_hal_rcc_ex.c.obj
LOAD CMakeFiles/learning.elf.dir/Drivers/STM32F0xx_HAL_Driver/Src/stm32f0xx_hal_tim.c.obj
LOAD CMakeFiles/learning.elf.dir/Drivers/STM32F0xx_HAL_Driver/Src/stm32f0xx_hal_tim_ex.c.obj
LOAD CMakeFiles/learning.elf.dir/Src/main.c.obj
LOAD CMakeFiles/learning.elf.dir/Src/stm32f0xx_hal_msp.c.obj
LOAD CMakeFiles/learning.elf.dir/Src/stm32f0xx_it.c.obj
LOAD CMakeFiles/learning.elf.dir/Src/syscalls.c.obj
LOAD CMakeFiles/learning.elf.dir/Src/sysmem.c.obj
LOAD CMakeFiles/learning.elf.dir/Src/system_stm32f0xx.c.obj
LOAD CMakeFiles/learning.elf.dir/Startup/startup_stm32f030f4px.s.obj
START GROUP
LOAD /usr/lib/gcc/arm-none-eabi/12.2.0/thumb/v6-m/nofp/libgcc.a
LOAD /usr/lib/gcc/arm-none-eabi/12.2.0/../../../../arm-none-eabi/lib/thumb/v6-m/nofp/libg.a
LOAD /usr/lib/gcc/arm-none-eabi/12.2.0/../../../../arm-none-eabi/lib/thumb/v6-m/nofp/libc.a
END GROUP
LOAD /usr/lib/gcc/arm-none-eabi/12.2.0/thumb/v6-m/nofp/crtend.o
LOAD /usr/lib/gcc/arm-none-eabi/12.2.0/thumb/v6-m/nofp/crtn.o
                0x0000000020001000                _estack = (ORIGIN (RAM) + LENGTH (RAM))
                0x0000000000000200                _Min_Heap_Size = 0x200
                0x0000000000000400                _Min_Stack_Size = 0x400

.isr_vector     0x0000000008000000       0xc0
                0x0000000008000000                . = ALIGN (0x4)
 *(.isr_vector)
 .isr_vector    0x0000000008000000       0xc0 CMakeFiles/learning.elf.dir/Startup/startup_stm32f030f4px.s.obj
                0x0000000008000000                g_pfnVectors
                0x00000000080000c0                . = ALIGN (0x4)

.text           0x00000000080000c0      0xb3c
                0x00000000080000c0                . = ALIGN (0x4)
 *(.text)
 .text          0x00000000080000c0       0x8c /usr/lib/gcc/arm-none-eabi/12.2.0/thumb/v6-m/nofp/libgcc.a(_udivsi3.o)
                0x00000000080000c0                __udivsi3
                0x00000000080000c0                __aeabi_uidiv
                0x0000000008000138                __aeabi_uidivmod
 .text          0x000000000800014c        0x4 /usr/lib/gcc/arm-none-eabi/12.2.0/thumb/v6-m/nofp/libgcc.a(_dvmd_tls.o)
                0x000000000800014c                __aeabi_ldiv0
                0x000000000800014c                __aeabi_idiv0
 *(.text*)
 .text.__do_global_dtors_aux
                0x0000000008000150       0x28 /usr/lib/gcc/arm-none-eabi/12.2.0/thumb/v6-m/nofp/crtbegin.o
 .text.frame_dummy
                0x0000000008000178       0x20 /usr/lib/gcc/arm-none-eabi/12.2.0/thumb/v6-m/nofp/crtbegin.o
 .text.HAL_InitTick
                0x0000000008000198       0x50 CMakeFiles/learning.elf.dir/Drivers/STM32F0xx_HAL_Driver/Src/stm32f0xx_hal.c.obj
                0x0000000008000198                HAL_InitTick
 .text.HAL_Init
                0x00000000080001e8       0x20 CMakeFiles/learning.elf.dir/Drivers/STM32F0xx_HAL_Driver/Src/stm32f0xx_hal.c.obj
                0x00000000080001e8                HAL_Init
 .text.HAL_IncTick
                0x0000000008000208       0x18 CMakeFiles/learning.elf.dir/Drivers/STM32F0xx_HAL_Driver/Src/stm32f0xx_hal.c.obj
                0x0000000008000208                HAL_IncTick
 .text.HAL_GetTick
                0x0000000008000220        0xc CMakeFiles/learning.elf.dir/Drivers/STM32F0xx_HAL_Driver/Src/stm32f0xx_hal.c.obj
                0x0000000008000220                HAL_GetTick
 .text.__NVIC_SetPriority
                0x000000000800022c       0x60 CMakeFiles/learning.elf.dir/Drivers/STM32F0xx_HAL_Driver/Src/stm32f0xx_hal_cortex.c.obj
 .text.SysTick_Config
                0x000000000800028c       0x38 CMakeFiles/learning.elf.dir/Drivers/STM32F0xx_HAL_Driver/Src/stm32f0xx_hal_cortex.c.obj
 .text.HAL_NVIC_SetPriority
                0x00000000080002c4        0x8 CMakeFiles/learning.elf.dir/Drivers/STM32F0xx_HAL_Driver/Src/stm32f0xx_hal_cortex.c.obj
                0x00000000080002c4                HAL_NVIC_SetPriority
 .text.HAL_SYSTICK_Config
                0x00000000080002cc        0x8 CMakeFiles/learning.elf.dir/Drivers/STM32F0xx_HAL_Driver/Src/stm32f0xx_hal_cortex.c.obj
                0x00000000080002cc                HAL_SYSTICK_Config
 .text.HAL_RCC_OscConfig
                0x00000000080002d4      0x49c CMakeFiles/learning.elf.dir/Drivers/STM32F0xx_HAL_Driver/Src/stm32f0xx_hal_rcc.c.obj
                0x00000000080002d4                HAL_RCC_OscConfig
 .text.HAL_RCC_GetSysClockFreq
                0x0000000008000770       0x54 CMakeFiles/learning.elf.dir/Drivers/STM32F0xx_HAL_Driver/Src/stm32f0xx_hal_rcc.c.obj
                0x0000000008000770                HAL_RCC_GetSysClockFreq
 .text.HAL_RCC_ClockConfig
                0x00000000080007c4      0x134 CMakeFiles/learning.elf.dir/Drivers/STM32F0xx_HAL_Driver/Src/stm32f0xx_hal_rcc.c.obj
                0x00000000080007c4                HAL_RCC_ClockConfig
 .text.Error_Handler
                0x00000000080008f8        0x4 CMakeFiles/learning.elf.dir/Src/main.c.obj
                0x00000000080008f8                Error_Handler
 .text.SystemClock_Config
                0x00000000080008fc       0x52 CMakeFiles/learning.elf.dir/Src/main.c.obj
                0x00000000080008fc                SystemClock_Config
 .text.main     0x000000000800094e        0xc CMakeFiles/learning.elf.dir/Src/main.c.obj
                0x000000000800094e                main
 *fill*         0x000000000800095a        0x2 
 .text.HAL_MspInit
                0x000000000800095c       0x30 CMakeFiles/learning.elf.dir/Src/stm32f0xx_hal_msp.c.obj
                0x000000000800095c                HAL_MspInit
 .text.NMI_Handler
                0x000000000800098c        0x2 CMakeFiles/learning.elf.dir/Src/stm32f0xx_it.c.obj
                0x000000000800098c                NMI_Handler
 .text.HardFault_Handler
                0x000000000800098e        0x2 CMakeFiles/learning.elf.dir/Src/stm32f0xx_it.c.obj
                0x000000000800098e                HardFault_Handler
 .text.SVC_Handler
                0x0000000008000990        0x2 CMakeFiles/learning.elf.dir/Src/stm32f0xx_it.c.obj
                0x0000000008000990                SVC_Handler
 .text.PendSV_Handler
                0x0000000008000992        0x2 CMakeFiles/learning.elf.dir/Src/stm32f0xx_it.c.obj
                0x0000000008000992                PendSV_Handler
 .text.SysTick_Handler
                0x0000000008000994        0x8 CMakeFiles/learning.elf.dir/Src/stm32f0xx_it.c.obj
                0x0000000008000994                SysTick_Handler
 .text.SystemInit
                0x000000000800099c        0x2 CMakeFiles/learning.elf.dir/Src/system_stm32f0xx.c.obj
                0x000000000800099c                SystemInit
 *fill*         0x000000000800099e        0x2 
 .text.Reset_Handler
                0x00000000080009a0       0x50 CMakeFiles/learning.elf.dir/Startup/startup_stm32f030f4px.s.obj
                0x00000000080009a0                Reset_Handler
 .text.Default_Handler
                0x00000000080009f0        0x2 CMakeFiles/learning.elf.dir/Startup/startup_stm32f030f4px.s.obj
                0x00000000080009f0                TIM1_CC_IRQHandler
                0x00000000080009f0                I2C1_IRQHandler
                0x00000000080009f0                SPI1_IRQHandler
                0x00000000080009f0                EXTI2_3_IRQHandler
                0x00000000080009f0                ADC1_IRQHandler
                0x00000000080009f0                TIM17_IRQHandler
                0x00000000080009f0                RTC_IRQHandler
                0x00000000080009f0                TIM16_IRQHandler
                0x00000000080009f0                TIM3_IRQHandler
                0x00000000080009f0                EXTI4_15_IRQHandler
                0x00000000080009f0                RCC_IRQHandler
                0x00000000080009f0                DMA1_Channel1_IRQHandler
                0x00000000080009f0                Default_Handler
                0x00000000080009f0                TIM14_IRQHandler
                0x00000000080009f0                DMA1_Channel4_5_IRQHandler
                0x00000000080009f0                EXTI0_1_IRQHandler
                0x00000000080009f0                WWDG_IRQHandler
                0x00000000080009f0                DMA1_Channel2_3_IRQHandler
                0x00000000080009f0                FLASH_IRQHandler
                0x00000000080009f0                USART1_IRQHandler
                0x00000000080009f0                TIM1_BRK_UP_TRG_COM_IRQHandler
 *fill*         0x00000000080009f2        0x2 
 .text.atexit   0x00000000080009f4       0x10 /usr/lib/gcc/arm-none-eabi/12.2.0/../../../../arm-none-eabi/lib/thumb/v6-m/nofp/libg.a(libc_a-atexit.o)
                0x00000000080009f4                atexit
 .text.memset   0x0000000008000a04       0xa8 /usr/lib/gcc/arm-none-eabi/12.2.0/../../../../arm-none-eabi/lib/thumb/v6-m/nofp/libg.a(libc_a-memset.o)
                0x0000000008000a04                memset
 .text.__libc_init_array
                0x0000000008000aac       0x48 /usr/lib/gcc/arm-none-eabi/12.2.0/../../../../arm-none-eabi/lib/thumb/v6-m/nofp/libg.a(libc_a-init.o)
                0x0000000008000aac                __libc_init_array
 .text.__libc_fini_array
                0x0000000008000af4       0x28 /usr/lib/gcc/arm-none-eabi/12.2.0/../../../../arm-none-eabi/lib/thumb/v6-m/nofp/libg.a(libc_a-fini.o)
                0x0000000008000af4                __libc_fini_array
 .text.__retarget_lock_acquire_recursive
                0x0000000008000b1c        0x4 /usr/lib/gcc/arm-none-eabi/12.2.0/../../../../arm-none-eabi/lib/thumb/v6-m/nofp/libg.a(libc_a-lock.o)
                0x0000000008000b1c                __retarget_lock_acquire_recursive
 .text.__retarget_lock_release_recursive
                0x0000000008000b20        0x4 /usr/lib/gcc/arm-none-eabi/12.2.0/../../../../arm-none-eabi/lib/thumb/v6-m/nofp/libg.a(libc_a-lock.o)
                0x0000000008000b20                __retarget_lock_release_recursive
 .text.__register_exitproc
                0x0000000008000b24       0xa8 /usr/lib/gcc/arm-none-eabi/12.2.0/../../../../arm-none-eabi/lib/thumb/v6-m/nofp/libg.a(libc_a-__atexit.o)
                0x0000000008000b24                __register_exitproc
 .text.startup.register_fini
                0x0000000008000bcc       0x18 /usr/lib/gcc/arm-none-eabi/12.2.0/../../../../arm-none-eabi/lib/thumb/v6-m/nofp/libg.a(libc_a-__call_atexit.o)
 *(.glue_7)
 .glue_7        0x0000000008000be4        0x0 linker stubs
 *(.glue_7t)
 .glue_7t       0x0000000008000be4        0x0 linker stubs
 *(.eh_frame)
 .eh_frame      0x0000000008000be4        0x0 /usr/lib/gcc/arm-none-eabi/12.2.0/thumb/v6-m/nofp/crtbegin.o
 *(.init)
 .init          0x0000000008000be4        0x4 /usr/lib/gcc/arm-none-eabi/12.2.0/thumb/v6-m/nofp/crti.o
                0x0000000008000be4                _init
 .init          0x0000000008000be8        0x8 /usr/lib/gcc/arm-none-eabi/12.2.0/thumb/v6-m/nofp/crtn.o
 *(.fini)
 .fini          0x0000000008000bf0        0x4 /usr/lib/gcc/arm-none-eabi/12.2.0/thumb/v6-m/nofp/crti.o
                0x0000000008000bf0                _fini
 .fini          0x0000000008000bf4        0x8 /usr/lib/gcc/arm-none-eabi/12.2.0/thumb/v6-m/nofp/crtn.o
                0x0000000008000bfc                . = ALIGN (0x4)
                0x0000000008000bfc                _etext = .

.vfp11_veneer   0x0000000008000bfc        0x0
 .vfp11_veneer  0x0000000008000bfc        0x0 linker stubs

.v4_bx          0x0000000008000bfc        0x0
 .v4_bx         0x0000000008000bfc        0x0 linker stubs

.iplt           0x0000000008000bfc        0x0
 .iplt          0x0000000008000bfc        0x0 /usr/lib/gcc/arm-none-eabi/12.2.0/thumb/v6-m/nofp/crtbegin.o

.rodata         0x0000000008000bfc       0x30
                0x0000000008000bfc                . = ALIGN (0x4)
 *(.rodata)
 *(.rodata*)
 .rodata.aPredivFactorTable.0
                0x0000000008000bfc       0x10 CMakeFiles/learning.elf.dir/Drivers/STM32F0xx_HAL_Driver/Src/stm32f0xx_hal_rcc.c.obj
 .rodata.aPLLMULFactorTable.1
                0x0000000008000c0c       0x10 CMakeFiles/learning.elf.dir/Drivers/STM32F0xx_HAL_Driver/Src/stm32f0xx_hal_rcc.c.obj
 .rodata.AHBPrescTable
                0x0000000008000c1c       0x10 CMakeFiles/learning.elf.dir/Src/system_stm32f0xx.c.obj
                0x0000000008000c1c                AHBPrescTable
                0x0000000008000c2c                . = ALIGN (0x4)

.rel.dyn        0x0000000008000c2c        0x0
 .rel.iplt      0x0000000008000c2c        0x0 /usr/lib/gcc/arm-none-eabi/12.2.0/thumb/v6-m/nofp/crtbegin.o

.ARM.extab      0x0000000008000c2c        0x0
                0x0000000008000c2c                . = ALIGN (0x4)
 *(.ARM.extab* .gnu.linkonce.armextab.*)
                0x0000000008000c2c                . = ALIGN (0x4)

.ARM            0x0000000008000c2c        0x0
                0x0000000008000c2c                . = ALIGN (0x4)
                0x0000000008000c2c                __exidx_start = .
 *(.ARM.exidx*)
                0x0000000008000c2c                __exidx_end = .
                0x0000000008000c2c                . = ALIGN (0x4)

.preinit_array  0x0000000008000c2c        0x0
                0x0000000008000c2c                . = ALIGN (0x4)
                0x0000000008000c2c                PROVIDE (__preinit_array_start = .)
 *(.preinit_array*)
                0x0000000008000c2c                PROVIDE (__preinit_array_end = .)
                0x0000000008000c2c                . = ALIGN (0x4)

.init_array     0x0000000008000c2c        0x8
                0x0000000008000c2c                . = ALIGN (0x4)
                0x0000000008000c2c                PROVIDE (__init_array_start = .)
 *(SORT_BY_NAME(.init_array.*))
 .init_array.00000
                0x0000000008000c2c        0x4 /usr/lib/gcc/arm-none-eabi/12.2.0/../../../../arm-none-eabi/lib/thumb/v6-m/nofp/libg.a(libc_a-__call_atexit.o)
 *(.init_array*)
 .init_array    0x0000000008000c30        0x4 /usr/lib/gcc/arm-none-eabi/12.2.0/thumb/v6-m/nofp/crtbegin.o
                0x0000000008000c34                PROVIDE (__init_array_end = .)
                0x0000000008000c34                . = ALIGN (0x4)

.fini_array     0x0000000008000c34        0x4
                0x0000000008000c34                . = ALIGN (0x4)
                0x0000000008000c34                PROVIDE (__fini_array_start = .)
 *(SORT_BY_NAME(.fini_array.*))
 *(.fini_array*)
 .fini_array    0x0000000008000c34        0x4 /usr/lib/gcc/arm-none-eabi/12.2.0/thumb/v6-m/nofp/crtbegin.o
                0x0000000008000c38                PROVIDE (__fini_array_end = .)
                0x0000000008000c38                . = ALIGN (0x4)
                0x0000000008000c38                _sidata = LOADADDR (.data)

.data           0x0000000020000000       0x10 load address 0x0000000008000c38
                0x0000000020000000                . = ALIGN (0x4)
                0x0000000020000000                _sdata = .
 *(.data)
 *(.data*)
 .data.uwTickFreq
                0x0000000020000000        0x1 CMakeFiles/learning.elf.dir/Drivers/STM32F0xx_HAL_Driver/Src/stm32f0xx_hal.c.obj
                0x0000000020000000                uwTickFreq
 *fill*         0x0000000020000001        0x3 
 .data.uwTickPrio
                0x0000000020000004        0x4 CMakeFiles/learning.elf.dir/Drivers/STM32F0xx_HAL_Driver/Src/stm32f0xx_hal.c.obj
                0x0000000020000004                uwTickPrio
 .data.SystemCoreClock
                0x0000000020000008        0x4 CMakeFiles/learning.elf.dir/Src/system_stm32f0xx.c.obj
                0x0000000020000008                SystemCoreClock
 .data.__atexit_recursive_mutex
                0x000000002000000c        0x4 /usr/lib/gcc/arm-none-eabi/12.2.0/../../../../arm-none-eabi/lib/thumb/v6-m/nofp/libg.a(libc_a-__call_atexit.o)
                0x000000002000000c                __atexit_recursive_mutex
 *(.RamFunc)
 *(.RamFunc*)
                0x0000000020000010                . = ALIGN (0x4)
                0x0000000020000010                _edata = .

.igot.plt       0x0000000020000010        0x0 load address 0x0000000008000c48
 .igot.plt      0x0000000020000010        0x0 /usr/lib/gcc/arm-none-eabi/12.2.0/thumb/v6-m/nofp/crtbegin.o
                0x0000000020000010                . = ALIGN (0x4)

.bss            0x0000000020000010      0x1b8 load address 0x0000000008000c48
                0x0000000020000010                _sbss = .
                0x0000000020000010                __bss_start__ = _sbss
 *(.bss)
 *(.bss*)
 .bss.completed.1
                0x0000000020000010        0x1 /usr/lib/gcc/arm-none-eabi/12.2.0/thumb/v6-m/nofp/crtbegin.o
 *fill*         0x0000000020000011        0x3 
 .bss.object.0  0x0000000020000014       0x18 /usr/lib/gcc/arm-none-eabi/12.2.0/thumb/v6-m/nofp/crtbegin.o
 .bss.uwTick    0x000000002000002c        0x4 CMakeFiles/learning.elf.dir/Drivers/STM32F0xx_HAL_Driver/Src/stm32f0xx_hal.c.obj
                0x000000002000002c                uwTick
 .bss.__lock___atexit_recursive_mutex
                0x0000000020000030        0x1 /usr/lib/gcc/arm-none-eabi/12.2.0/../../../../arm-none-eabi/lib/thumb/v6-m/nofp/libg.a(libc_a-lock.o)
                0x0000000020000030                __lock___atexit_recursive_mutex
 *fill*         0x0000000020000031        0x3 
 .bss.__atexit0
                0x0000000020000034      0x190 /usr/lib/gcc/arm-none-eabi/12.2.0/../../../../arm-none-eabi/lib/thumb/v6-m/nofp/libg.a(libc_a-__atexit.o)
                0x0000000020000034                __atexit0
 .bss.__atexit  0x00000000200001c4        0x4 /usr/lib/gcc/arm-none-eabi/12.2.0/../../../../arm-none-eabi/lib/thumb/v6-m/nofp/libg.a(libc_a-__call_atexit.o)
                0x00000000200001c4                __atexit
 *(COMMON)
                0x00000000200001c8                . = ALIGN (0x4)
                0x00000000200001c8                _ebss = .
                0x00000000200001c8                __bss_end__ = _ebss

._user_heap_stack
                0x00000000200001c8      0x600 load address 0x0000000008000c48
                0x00000000200001c8                . = ALIGN (0x8)
                [!provide]                        PROVIDE (end = .)
                0x00000000200001c8                PROVIDE (_end = .)
                0x00000000200003c8                . = (. + _Min_Heap_Size)
 *fill*         0x00000000200001c8      0x200 
                0x00000000200007c8                . = (. + _Min_Stack_Size)
 *fill*         0x00000000200003c8      0x400 
                0x00000000200007c8                . = ALIGN (0x8)

/DISCARD/
 libc.a(*)
 libm.a(*)
 libgcc.a(*)

.ARM.attributes
                0x0000000000000000       0x28
 *(.ARM.attributes)
 .ARM.attributes
                0x0000000000000000       0x1e /usr/lib/gcc/arm-none-eabi/12.2.0/thumb/v6-m/nofp/crti.o
 .ARM.attributes
                0x000000000000001e       0x2c /usr/lib/gcc/arm-none-eabi/12.2.0/thumb/v6-m/nofp/crtbegin.o
 .ARM.attributes
                0x000000000000004a       0x2c CMakeFiles/learning.elf.dir/Drivers/STM32F0xx_HAL_Driver/Src/stm32f0xx_hal.c.obj
 .ARM.attributes
                0x0000000000000076       0x2c CMakeFiles/learning.elf.dir/Drivers/STM32F0xx_HAL_Driver/Src/stm32f0xx_hal_cortex.c.obj
 .ARM.attributes
                0x00000000000000a2       0x2c CMakeFiles/learning.elf.dir/Drivers/STM32F0xx_HAL_Driver/Src/stm32f0xx_hal_rcc.c.obj
 .ARM.attributes
                0x00000000000000ce       0x2c CMakeFiles/learning.elf.dir/Src/main.c.obj
 .ARM.attributes
                0x00000000000000fa       0x2c CMakeFiles/learning.elf.dir/Src/stm32f0xx_hal_msp.c.obj
 .ARM.attributes
                0x0000000000000126       0x2c CMakeFiles/learning.elf.dir/Src/stm32f0xx_it.c.obj
 .ARM.attributes
                0x0000000000000152       0x2c CMakeFiles/learning.elf.dir/Src/system_stm32f0xx.c.obj
 .ARM.attributes
                0x000000000000017e       0x21 CMakeFiles/learning.elf.dir/Startup/startup_stm32f030f4px.s.obj
 .ARM.attributes
                0x000000000000019f       0x1e /usr/lib/gcc/arm-none-eabi/12.2.0/thumb/v6-m/nofp/libgcc.a(_udivsi3.o)
 .ARM.attributes
                0x00000000000001bd       0x1e /usr/lib/gcc/arm-none-eabi/12.2.0/thumb/v6-m/nofp/libgcc.a(_dvmd_tls.o)
 .ARM.attributes
                0x00000000000001db       0x2c /usr/lib/gcc/arm-none-eabi/12.2.0/../../../../arm-none-eabi/lib/thumb/v6-m/nofp/libg.a(libc_a-atexit.o)
 .ARM.attributes
                0x0000000000000207       0x2c /usr/lib/gcc/arm-none-eabi/12.2.0/../../../../arm-none-eabi/lib/thumb/v6-m/nofp/libg.a(libc_a-memset.o)
 .ARM.attributes
                0x0000000000000233       0x2c /usr/lib/gcc/arm-none-eabi/12.2.0/../../../../arm-none-eabi/lib/thumb/v6-m/nofp/libg.a(libc_a-init.o)
 .ARM.attributes
                0x000000000000025f       0x2c /usr/lib/gcc/arm-none-eabi/12.2.0/../../../../arm-none-eabi/lib/thumb/v6-m/nofp/libg.a(libc_a-fini.o)
 .ARM.attributes
                0x000000000000028b       0x2c /usr/lib/gcc/arm-none-eabi/12.2.0/../../../../arm-none-eabi/lib/thumb/v6-m/nofp/libg.a(libc_a-lock.o)
 .ARM.attributes
                0x00000000000002b7       0x2c /usr/lib/gcc/arm-none-eabi/12.2.0/../../../../arm-none-eabi/lib/thumb/v6-m/nofp/libg.a(libc_a-__atexit.o)
 .ARM.attributes
                0x00000000000002e3       0x2c /usr/lib/gcc/arm-none-eabi/12.2.0/../../../../arm-none-eabi/lib/thumb/v6-m/nofp/libg.a(libc_a-__call_atexit.o)
 .ARM.attributes
                0x000000000000030f       0x1e /usr/lib/gcc/arm-none-eabi/12.2.0/thumb/v6-m/nofp/crtn.o
OUTPUT(learning.elf elf32-littlearm)
LOAD linker stubs
LOAD /usr/lib/gcc/arm-none-eabi/12.2.0/../../../../arm-none-eabi/lib/thumb/v6-m/nofp/libc.a
LOAD /usr/lib/gcc/arm-none-eabi/12.2.0/../../../../arm-none-eabi/lib/thumb/v6-m/nofp/libm.a
LOAD /usr/lib/gcc/arm-none-eabi/12.2.0/thumb/v6-m/nofp/libgcc.a

.debug_info     0x0000000000000000     0x2cf3
 .debug_info    0x0000000000000000      0x6f5 CMakeFiles/learning.elf.dir/Drivers/STM32F0xx_HAL_Driver/Src/stm32f0xx_hal.c.obj
 .debug_info    0x00000000000006f5      0x796 CMakeFiles/learning.elf.dir/Drivers/STM32F0xx_HAL_Driver/Src/stm32f0xx_hal_cortex.c.obj
 .debug_info    0x0000000000000e8b      0xa3a CMakeFiles/learning.elf.dir/Drivers/STM32F0xx_HAL_Driver/Src/stm32f0xx_hal_rcc.c.obj
 .debug_info    0x00000000000018c5      0x318 CMakeFiles/learning.elf.dir/Src/main.c.obj
 .debug_info    0x0000000000001bdd      0x195 CMakeFiles/learning.elf.dir/Src/stm32f0xx_hal_msp.c.obj
 .debug_info    0x0000000000001d72       0xdd CMakeFiles/learning.elf.dir/Src/stm32f0xx_it.c.obj
 .debug_info    0x0000000000001e4f      0x264 CMakeFiles/learning.elf.dir/Src/system_stm32f0xx.c.obj
 .debug_info    0x00000000000020b3       0x2e CMakeFiles/learning.elf.dir/Startup/startup_stm32f030f4px.s.obj
 .debug_info    0x00000000000020e1       0x44 /usr/lib/gcc/arm-none-eabi/12.2.0/thumb/v6-m/nofp/libgcc.a(_udivsi3.o)
 .debug_info    0x0000000000002125       0x39 /usr/lib/gcc/arm-none-eabi/12.2.0/thumb/v6-m/nofp/libgcc.a(_dvmd_tls.o)
 .debug_info    0x000000000000215e      0x118 /usr/lib/gcc/arm-none-eabi/12.2.0/../../../../arm-none-eabi/lib/thumb/v6-m/nofp/libg.a(libc_a-atexit.o)
 .debug_info    0x0000000000002276      0x135 /usr/lib/gcc/arm-none-eabi/12.2.0/../../../../arm-none-eabi/lib/thumb/v6-m/nofp/libg.a(libc_a-memset.o)
 .debug_info    0x00000000000023ab      0x10b /usr/lib/gcc/arm-none-eabi/12.2.0/../../../../arm-none-eabi/lib/thumb/v6-m/nofp/libg.a(libc_a-init.o)
 .debug_info    0x00000000000024b6       0xf7 /usr/lib/gcc/arm-none-eabi/12.2.0/../../../../arm-none-eabi/lib/thumb/v6-m/nofp/libg.a(libc_a-fini.o)
 .debug_info    0x00000000000025ad      0x20a /usr/lib/gcc/arm-none-eabi/12.2.0/../../../../arm-none-eabi/lib/thumb/v6-m/nofp/libg.a(libc_a-lock.o)
 .debug_info    0x00000000000027b7      0x25f /usr/lib/gcc/arm-none-eabi/12.2.0/../../../../arm-none-eabi/lib/thumb/v6-m/nofp/libg.a(libc_a-__atexit.o)
 .debug_info    0x0000000000002a16      0x2dd /usr/lib/gcc/arm-none-eabi/12.2.0/../../../../arm-none-eabi/lib/thumb/v6-m/nofp/libg.a(libc_a-__call_atexit.o)

.debug_abbrev   0x0000000000000000     0x13f6
 .debug_abbrev  0x0000000000000000      0x269 CMakeFiles/learning.elf.dir/Drivers/STM32F0xx_HAL_Driver/Src/stm32f0xx_hal.c.obj
 .debug_abbrev  0x0000000000000269      0x2ec CMakeFiles/learning.elf.dir/Drivers/STM32F0xx_HAL_Driver/Src/stm32f0xx_hal_cortex.c.obj
 .debug_abbrev  0x0000000000000555      0x29c CMakeFiles/learning.elf.dir/Drivers/STM32F0xx_HAL_Driver/Src/stm32f0xx_hal_rcc.c.obj
 .debug_abbrev  0x00000000000007f1      0x18d CMakeFiles/learning.elf.dir/Src/main.c.obj
 .debug_abbrev  0x000000000000097e       0xc4 CMakeFiles/learning.elf.dir/Src/stm32f0xx_hal_msp.c.obj
 .debug_abbrev  0x0000000000000a42       0x7c CMakeFiles/learning.elf.dir/Src/stm32f0xx_it.c.obj
 .debug_abbrev  0x0000000000000abe      0x136 CMakeFiles/learning.elf.dir/Src/system_stm32f0xx.c.obj
 .debug_abbrev  0x0000000000000bf4       0x1d CMakeFiles/learning.elf.dir/Startup/startup_stm32f030f4px.s.obj
 .debug_abbrev  0x0000000000000c11       0x21 /usr/lib/gcc/arm-none-eabi/12.2.0/thumb/v6-m/nofp/libgcc.a(_udivsi3.o)
 .debug_abbrev  0x0000000000000c32       0x1f /usr/lib/gcc/arm-none-eabi/12.2.0/thumb/v6-m/nofp/libgcc.a(_dvmd_tls.o)
 .debug_abbrev  0x0000000000000c51       0xbe /usr/lib/gcc/arm-none-eabi/12.2.0/../../../../arm-none-eabi/lib/thumb/v6-m/nofp/libg.a(libc_a-atexit.o)
 .debug_abbrev  0x0000000000000d0f       0xb7 /usr/lib/gcc/arm-none-eabi/12.2.0/../../../../arm-none-eabi/lib/thumb/v6-m/nofp/libg.a(libc_a-memset.o)
 .debug_abbrev  0x0000000000000dc6       0xc9 /usr/lib/gcc/arm-none-eabi/12.2.0/../../../../arm-none-eabi/lib/thumb/v6-m/nofp/libg.a(libc_a-init.o)
 .debug_abbrev  0x0000000000000e8f       0xc9 /usr/lib/gcc/arm-none-eabi/12.2.0/../../../../arm-none-eabi/lib/thumb/v6-m/nofp/libg.a(libc_a-fini.o)
 .debug_abbrev  0x0000000000000f58      0x115 /usr/lib/gcc/arm-none-eabi/12.2.0/../../../../arm-none-eabi/lib/thumb/v6-m/nofp/libg.a(libc_a-lock.o)
 .debug_abbrev  0x000000000000106d      0x189 /usr/lib/gcc/arm-none-eabi/12.2.0/../../../../arm-none-eabi/lib/thumb/v6-m/nofp/libg.a(libc_a-__atexit.o)
 .debug_abbrev  0x00000000000011f6      0x200 /usr/lib/gcc/arm-none-eabi/12.2.0/../../../../arm-none-eabi/lib/thumb/v6-m/nofp/libg.a(libc_a-__call_atexit.o)

.debug_loclists
                0x0000000000000000      0xc10
 .debug_loclists
                0x0000000000000000       0xc9 CMakeFiles/learning.elf.dir/Drivers/STM32F0xx_HAL_Driver/Src/stm32f0xx_hal.c.obj
 .debug_loclists
                0x00000000000000c9      0x1ae CMakeFiles/learning.elf.dir/Drivers/STM32F0xx_HAL_Driver/Src/stm32f0xx_hal_cortex.c.obj
 .debug_loclists
                0x0000000000000277      0x3f3 CMakeFiles/learning.elf.dir/Drivers/STM32F0xx_HAL_Driver/Src/stm32f0xx_hal_rcc.c.obj
 .debug_loclists
                0x000000000000066a       0xdc CMakeFiles/learning.elf.dir/Src/system_stm32f0xx.c.obj
 .debug_loclists
                0x0000000000000746       0x2a /usr/lib/gcc/arm-none-eabi/12.2.0/../../../../arm-none-eabi/lib/thumb/v6-m/nofp/libg.a(libc_a-atexit.o)
 .debug_loclists
                0x0000000000000770      0x1d4 /usr/lib/gcc/arm-none-eabi/12.2.0/../../../../arm-none-eabi/lib/thumb/v6-m/nofp/libg.a(libc_a-memset.o)
 .debug_loclists
                0x0000000000000944       0x64 /usr/lib/gcc/arm-none-eabi/12.2.0/../../../../arm-none-eabi/lib/thumb/v6-m/nofp/libg.a(libc_a-init.o)
 .debug_loclists
                0x00000000000009a8       0x34 /usr/lib/gcc/arm-none-eabi/12.2.0/../../../../arm-none-eabi/lib/thumb/v6-m/nofp/libg.a(libc_a-fini.o)
 .debug_loclists
                0x00000000000009dc       0x23 /usr/lib/gcc/arm-none-eabi/12.2.0/../../../../arm-none-eabi/lib/thumb/v6-m/nofp/libg.a(libc_a-lock.o)
 .debug_loclists
                0x00000000000009ff      0x104 /usr/lib/gcc/arm-none-eabi/12.2.0/../../../../arm-none-eabi/lib/thumb/v6-m/nofp/libg.a(libc_a-__atexit.o)
 .debug_loclists
                0x0000000000000b03      0x10d /usr/lib/gcc/arm-none-eabi/12.2.0/../../../../arm-none-eabi/lib/thumb/v6-m/nofp/libg.a(libc_a-__call_atexit.o)

.debug_aranges  0x0000000000000000      0x438
 .debug_aranges
                0x0000000000000000       0xd0 CMakeFiles/learning.elf.dir/Drivers/STM32F0xx_HAL_Driver/Src/stm32f0xx_hal.c.obj
 .debug_aranges
                0x00000000000000d0       0x98 CMakeFiles/learning.elf.dir/Drivers/STM32F0xx_HAL_Driver/Src/stm32f0xx_hal_cortex.c.obj
 .debug_aranges
                0x0000000000000168       0x80 CMakeFiles/learning.elf.dir/Drivers/STM32F0xx_HAL_Driver/Src/stm32f0xx_hal_rcc.c.obj
 .debug_aranges
                0x00000000000001e8       0x30 CMakeFiles/learning.elf.dir/Src/main.c.obj
 .debug_aranges
                0x0000000000000218       0x20 CMakeFiles/learning.elf.dir/Src/stm32f0xx_hal_msp.c.obj
 .debug_aranges
                0x0000000000000238       0x40 CMakeFiles/learning.elf.dir/Src/stm32f0xx_it.c.obj
 .debug_aranges
                0x0000000000000278       0x28 CMakeFiles/learning.elf.dir/Src/system_stm32f0xx.c.obj
 .debug_aranges
                0x00000000000002a0       0x28 CMakeFiles/learning.elf.dir/Startup/startup_stm32f030f4px.s.obj
 .debug_aranges
                0x00000000000002c8       0x20 /usr/lib/gcc/arm-none-eabi/12.2.0/thumb/v6-m/nofp/libgcc.a(_udivsi3.o)
 .debug_aranges
                0x00000000000002e8       0x20 /usr/lib/gcc/arm-none-eabi/12.2.0/thumb/v6-m/nofp/libgcc.a(_dvmd_tls.o)
 .debug_aranges
                0x0000000000000308       0x20 /usr/lib/gcc/arm-none-eabi/12.2.0/../../../../arm-none-eabi/lib/thumb/v6-m/nofp/libg.a(libc_a-atexit.o)
 .debug_aranges
                0x0000000000000328       0x20 /usr/lib/gcc/arm-none-eabi/12.2.0/../../../../arm-none-eabi/lib/thumb/v6-m/nofp/libg.a(libc_a-memset.o)
 .debug_aranges
                0x0000000000000348       0x20 /usr/lib/gcc/arm-none-eabi/12.2.0/../../../../arm-none-eabi/lib/thumb/v6-m/nofp/libg.a(libc_a-init.o)
 .debug_aranges
                0x0000000000000368       0x20 /usr/lib/gcc/arm-none-eabi/12.2.0/../../../../arm-none-eabi/lib/thumb/v6-m/nofp/libg.a(libc_a-fini.o)
 .debug_aranges
                0x0000000000000388       0x68 /usr/lib/gcc/arm-none-eabi/12.2.0/../../../../arm-none-eabi/lib/thumb/v6-m/nofp/libg.a(libc_a-lock.o)
 .debug_aranges
                0x00000000000003f0       0x20 /usr/lib/gcc/arm-none-eabi/12.2.0/../../../../arm-none-eabi/lib/thumb/v6-m/nofp/libg.a(libc_a-__atexit.o)
 .debug_aranges
                0x0000000000000410       0x28 /usr/lib/gcc/arm-none-eabi/12.2.0/../../../../arm-none-eabi/lib/thumb/v6-m/nofp/libg.a(libc_a-__call_atexit.o)

.debug_rnglists
                0x0000000000000000      0x2e8
 .debug_rnglists
                0x0000000000000000       0x97 CMakeFiles/learning.elf.dir/Drivers/STM32F0xx_HAL_Driver/Src/stm32f0xx_hal.c.obj
 .debug_rnglists
                0x0000000000000097       0x79 CMakeFiles/learning.elf.dir/Drivers/STM32F0xx_HAL_Driver/Src/stm32f0xx_hal_cortex.c.obj
 .debug_rnglists
                0x0000000000000110       0x6e CMakeFiles/learning.elf.dir/Drivers/STM32F0xx_HAL_Driver/Src/stm32f0xx_hal_rcc.c.obj
 .debug_rnglists
                0x000000000000017e       0x1f CMakeFiles/learning.elf.dir/Src/main.c.obj
 .debug_rnglists
                0x000000000000019d       0x13 CMakeFiles/learning.elf.dir/Src/stm32f0xx_hal_msp.c.obj
 .debug_rnglists
                0x00000000000001b0       0x2b CMakeFiles/learning.elf.dir/Src/stm32f0xx_it.c.obj
 .debug_rnglists
                0x00000000000001db       0x1a CMakeFiles/learning.elf.dir/Src/system_stm32f0xx.c.obj
 .debug_rnglists
                0x00000000000001f5       0x19 CMakeFiles/learning.elf.dir/Startup/startup_stm32f030f4px.s.obj
 .debug_rnglists
                0x000000000000020e       0x13 /usr/lib/gcc/arm-none-eabi/12.2.0/../../../../arm-none-eabi/lib/thumb/v6-m/nofp/libg.a(libc_a-atexit.o)
 .debug_rnglists
                0x0000000000000221       0x14 /usr/lib/gcc/arm-none-eabi/12.2.0/../../../../arm-none-eabi/lib/thumb/v6-m/nofp/libg.a(libc_a-memset.o)
 .debug_rnglists
                0x0000000000000235       0x13 /usr/lib/gcc/arm-none-eabi/12.2.0/../../../../arm-none-eabi/lib/thumb/v6-m/nofp/libg.a(libc_a-init.o)
 .debug_rnglists
                0x0000000000000248       0x13 /usr/lib/gcc/arm-none-eabi/12.2.0/../../../../arm-none-eabi/lib/thumb/v6-m/nofp/libg.a(libc_a-fini.o)
 .debug_rnglists
                0x000000000000025b       0x49 /usr/lib/gcc/arm-none-eabi/12.2.0/../../../../arm-none-eabi/lib/thumb/v6-m/nofp/libg.a(libc_a-lock.o)
 .debug_rnglists
                0x00000000000002a4       0x14 /usr/lib/gcc/arm-none-eabi/12.2.0/../../../../arm-none-eabi/lib/thumb/v6-m/nofp/libg.a(libc_a-__atexit.o)
 .debug_rnglists
                0x00000000000002b8       0x30 /usr/lib/gcc/arm-none-eabi/12.2.0/../../../../arm-none-eabi/lib/thumb/v6-m/nofp/libg.a(libc_a-__call_atexit.o)

.debug_line     0x0000000000000000     0x2877
 .debug_line    0x0000000000000000      0x528 CMakeFiles/learning.elf.dir/Drivers/STM32F0xx_HAL_Driver/Src/stm32f0xx_hal.c.obj
 .debug_line    0x0000000000000528      0x535 CMakeFiles/learning.elf.dir/Drivers/STM32F0xx_HAL_Driver/Src/stm32f0xx_hal_cortex.c.obj
 .debug_line    0x0000000000000a5d      0xb8c CMakeFiles/learning.elf.dir/Drivers/STM32F0xx_HAL_Driver/Src/stm32f0xx_hal_rcc.c.obj
 .debug_line    0x00000000000015e9      0x265 CMakeFiles/learning.elf.dir/Src/main.c.obj
 .debug_line    0x000000000000184e      0x141 CMakeFiles/learning.elf.dir/Src/stm32f0xx_hal_msp.c.obj
 .debug_line    0x000000000000198f      0x138 CMakeFiles/learning.elf.dir/Src/stm32f0xx_it.c.obj
 .debug_line    0x0000000000001ac7      0x1f8 CMakeFiles/learning.elf.dir/Src/system_stm32f0xx.c.obj
 .debug_line    0x0000000000001cbf       0x7b CMakeFiles/learning.elf.dir/Startup/startup_stm32f030f4px.s.obj
 .debug_line    0x0000000000001d3a       0x61 /usr/lib/gcc/arm-none-eabi/12.2.0/thumb/v6-m/nofp/libgcc.a(_udivsi3.o)
 .debug_line    0x0000000000001d9b       0x4a /usr/lib/gcc/arm-none-eabi/12.2.0/thumb/v6-m/nofp/libgcc.a(_dvmd_tls.o)
 .debug_line    0x0000000000001de5       0xe7 /usr/lib/gcc/arm-none-eabi/12.2.0/../../../../arm-none-eabi/lib/thumb/v6-m/nofp/libg.a(libc_a-atexit.o)
 .debug_line    0x0000000000001ecc      0x1ed /usr/lib/gcc/arm-none-eabi/12.2.0/../../../../arm-none-eabi/lib/thumb/v6-m/nofp/libg.a(libc_a-memset.o)
 .debug_line    0x00000000000020b9      0x123 /usr/lib/gcc/arm-none-eabi/12.2.0/../../../../arm-none-eabi/lib/thumb/v6-m/nofp/libg.a(libc_a-init.o)
 .debug_line    0x00000000000021dc       0xf3 /usr/lib/gcc/arm-none-eabi/12.2.0/../../../../arm-none-eabi/lib/thumb/v6-m/nofp/libg.a(libc_a-fini.o)
 .debug_line    0x00000000000022cf      0x17d /usr/lib/gcc/arm-none-eabi/12.2.0/../../../../arm-none-eabi/lib/thumb/v6-m/nofp/libg.a(libc_a-lock.o)
 .debug_line    0x000000000000244c      0x19a /usr/lib/gcc/arm-none-eabi/12.2.0/../../../../arm-none-eabi/lib/thumb/v6-m/nofp/libg.a(libc_a-__atexit.o)
 .debug_line    0x00000000000025e6      0x291 /usr/lib/gcc/arm-none-eabi/12.2.0/../../../../arm-none-eabi/lib/thumb/v6-m/nofp/libg.a(libc_a-__call_atexit.o)

.debug_str      0x0000000000000000     0x1610
 .debug_str     0x0000000000000000      0x65f CMakeFiles/learning.elf.dir/Drivers/STM32F0xx_HAL_Driver/Src/stm32f0xx_hal.c.obj
                                        0x6ac (size before relaxing)
 .debug_str     0x000000000000065f      0x2ac CMakeFiles/learning.elf.dir/Drivers/STM32F0xx_HAL_Driver/Src/stm32f0xx_hal_cortex.c.obj
                                        0x5ed (size before relaxing)
 .debug_str     0x000000000000090b      0x3db CMakeFiles/learning.elf.dir/Drivers/STM32F0xx_HAL_Driver/Src/stm32f0xx_hal_rcc.c.obj
                                        0x68f (size before relaxing)
 .debug_str     0x0000000000000ce6       0x74 CMakeFiles/learning.elf.dir/Src/main.c.obj
                                        0x388 (size before relaxing)
 .debug_str     0x0000000000000d5a       0x3c CMakeFiles/learning.elf.dir/Src/stm32f0xx_hal_msp.c.obj
                                        0x22e (size before relaxing)
 .debug_str     0x0000000000000d96       0x80 CMakeFiles/learning.elf.dir/Src/stm32f0xx_it.c.obj
                                        0x204 (size before relaxing)
 .debug_str     0x0000000000000e16       0x7b CMakeFiles/learning.elf.dir/Src/system_stm32f0xx.c.obj
                                        0x2a6 (size before relaxing)
 .debug_str     0x0000000000000e91       0x5e CMakeFiles/learning.elf.dir/Startup/startup_stm32f030f4px.s.obj
                                         0x94 (size before relaxing)
 .debug_str     0x0000000000000eef       0xad /usr/lib/gcc/arm-none-eabi/12.2.0/thumb/v6-m/nofp/libgcc.a(_udivsi3.o)
                                         0xc7 (size before relaxing)
 .debug_str     0x0000000000000f9c       0x1c /usr/lib/gcc/arm-none-eabi/12.2.0/thumb/v6-m/nofp/libgcc.a(_dvmd_tls.o)
                                         0xba (size before relaxing)
 .debug_str     0x0000000000000fb8      0x15b /usr/lib/gcc/arm-none-eabi/12.2.0/../../../../arm-none-eabi/lib/thumb/v6-m/nofp/libg.a(libc_a-atexit.o)
                                        0x1f7 (size before relaxing)
 .debug_str     0x0000000000001113       0x5f /usr/lib/gcc/arm-none-eabi/12.2.0/../../../../arm-none-eabi/lib/thumb/v6-m/nofp/libg.a(libc_a-memset.o)
                                        0x1ce (size before relaxing)
 .debug_str     0x0000000000001172       0xa6 /usr/lib/gcc/arm-none-eabi/12.2.0/../../../../arm-none-eabi/lib/thumb/v6-m/nofp/libg.a(libc_a-init.o)
                                        0x21b (size before relaxing)
 .debug_str     0x0000000000001218       0x76 /usr/lib/gcc/arm-none-eabi/12.2.0/../../../../arm-none-eabi/lib/thumb/v6-m/nofp/libg.a(libc_a-fini.o)
                                        0x1f1 (size before relaxing)
 .debug_str     0x000000000000128e      0x250 /usr/lib/gcc/arm-none-eabi/12.2.0/../../../../arm-none-eabi/lib/thumb/v6-m/nofp/libg.a(libc_a-lock.o)
                                        0x32d (size before relaxing)
 .debug_str     0x00000000000014de       0xa9 /usr/lib/gcc/arm-none-eabi/12.2.0/../../../../arm-none-eabi/lib/thumb/v6-m/nofp/libg.a(libc_a-__atexit.o)
                                        0x2ce (size before relaxing)
 .debug_str     0x0000000000001587       0x89 /usr/lib/gcc/arm-none-eabi/12.2.0/../../../../arm-none-eabi/lib/thumb/v6-m/nofp/libg.a(libc_a-__call_atexit.o)
                                        0x2f7 (size before relaxing)

.comment        0x0000000000000000       0x1e
 .comment       0x0000000000000000       0x1e CMakeFiles/learning.elf.dir/Drivers/STM32F0xx_HAL_Driver/Src/stm32f0xx_hal.c.obj
                                         0x1f (size before relaxing)
 .comment       0x000000000000001e       0x1f CMakeFiles/learning.elf.dir/Drivers/STM32F0xx_HAL_Driver/Src/stm32f0xx_hal_cortex.c.obj
 .comment       0x000000000000001e       0x1f CMakeFiles/learning.elf.dir/Drivers/STM32F0xx_HAL_Driver/Src/stm32f0xx_hal_rcc.c.obj
 .comment       0x000000000000001e       0x1f CMakeFiles/learning.elf.dir/Src/main.c.obj
 .comment       0x000000000000001e       0x1f CMakeFiles/learning.elf.dir/Src/stm32f0xx_hal_msp.c.obj
 .comment       0x000000000000001e       0x1f CMakeFiles/learning.elf.dir/Src/stm32f0xx_it.c.obj
 .comment       0x000000000000001e       0x1f CMakeFiles/learning.elf.dir/Src/system_stm32f0xx.c.obj
 .comment       0x000000000000001e       0x1f /usr/lib/gcc/arm-none-eabi/12.2.0/../../../../arm-none-eabi/lib/thumb/v6-m/nofp/libg.a(libc_a-atexit.o)
 .comment       0x000000000000001e       0x1f /usr/lib/gcc/arm-none-eabi/12.2.0/../../../../arm-none-eabi/lib/thumb/v6-m/nofp/libg.a(libc_a-memset.o)
 .comment       0x000000000000001e       0x1f /usr/lib/gcc/arm-none-eabi/12.2.0/../../../../arm-none-eabi/lib/thumb/v6-m/nofp/libg.a(libc_a-init.o)
 .comment       0x000000000000001e       0x1f /usr/lib/gcc/arm-none-eabi/12.2.0/../../../../arm-none-eabi/lib/thumb/v6-m/nofp/libg.a(libc_a-fini.o)
 .comment       0x000000000000001e       0x1f /usr/lib/gcc/arm-none-eabi/12.2.0/../../../../arm-none-eabi/lib/thumb/v6-m/nofp/libg.a(libc_a-lock.o)
 .comment       0x000000000000001e       0x1f /usr/lib/gcc/arm-none-eabi/12.2.0/../../../../arm-none-eabi/lib/thumb/v6-m/nofp/libg.a(libc_a-__atexit.o)
 .comment       0x000000000000001e       0x1f /usr/lib/gcc/arm-none-eabi/12.2.0/../../../../arm-none-eabi/lib/thumb/v6-m/nofp/libg.a(libc_a-__call_atexit.o)

.debug_frame    0x0000000000000000      0x748
 .debug_frame   0x0000000000000000      0x1ac CMakeFiles/learning.elf.dir/Drivers/STM32F0xx_HAL_Driver/Src/stm32f0xx_hal.c.obj
 .debug_frame   0x00000000000001ac      0x144 CMakeFiles/learning.elf.dir/Drivers/STM32F0xx_HAL_Driver/Src/stm32f0xx_hal_cortex.c.obj
 .debug_frame   0x00000000000002f0      0x138 CMakeFiles/learning.elf.dir/Drivers/STM32F0xx_HAL_Driver/Src/stm32f0xx_hal_rcc.c.obj
 .debug_frame   0x0000000000000428       0x50 CMakeFiles/learning.elf.dir/Src/main.c.obj
 .debug_frame   0x0000000000000478       0x24 CMakeFiles/learning.elf.dir/Src/stm32f0xx_hal_msp.c.obj
 .debug_frame   0x000000000000049c       0x68 CMakeFiles/learning.elf.dir/Src/stm32f0xx_it.c.obj
 .debug_frame   0x0000000000000504       0x38 CMakeFiles/learning.elf.dir/Src/system_stm32f0xx.c.obj
 .debug_frame   0x000000000000053c       0x20 /usr/lib/gcc/arm-none-eabi/12.2.0/thumb/v6-m/nofp/libgcc.a(_udivsi3.o)
 .debug_frame   0x000000000000055c       0x28 /usr/lib/gcc/arm-none-eabi/12.2.0/../../../../arm-none-eabi/lib/thumb/v6-m/nofp/libg.a(libc_a-atexit.o)
 .debug_frame   0x0000000000000584       0x30 /usr/lib/gcc/arm-none-eabi/12.2.0/../../../../arm-none-eabi/lib/thumb/v6-m/nofp/libg.a(libc_a-memset.o)
 .debug_frame   0x00000000000005b4       0x2c /usr/lib/gcc/arm-none-eabi/12.2.0/../../../../arm-none-eabi/lib/thumb/v6-m/nofp/libg.a(libc_a-init.o)
 .debug_frame   0x00000000000005e0       0x2c /usr/lib/gcc/arm-none-eabi/12.2.0/../../../../arm-none-eabi/lib/thumb/v6-m/nofp/libg.a(libc_a-fini.o)
 .debug_frame   0x000000000000060c       0xb0 /usr/lib/gcc/arm-none-eabi/12.2.0/../../../../arm-none-eabi/lib/thumb/v6-m/nofp/libg.a(libc_a-lock.o)
 .debug_frame   0x00000000000006bc       0x38 /usr/lib/gcc/arm-none-eabi/12.2.0/../../../../arm-none-eabi/lib/thumb/v6-m/nofp/libg.a(libc_a-__atexit.o)
 .debug_frame   0x00000000000006f4       0x54 /usr/lib/gcc/arm-none-eabi/12.2.0/../../../../arm-none-eabi/lib/thumb/v6-m/nofp/libg.a(libc_a-__call_atexit.o)

.debug_line_str
                0x0000000000000000      0x10c
 .debug_line_str
                0x0000000000000000       0x7a CMakeFiles/learning.elf.dir/Startup/startup_stm32f030f4px.s.obj
 .debug_line_str
                0x000000000000007a       0x92 /usr/lib/gcc/arm-none-eabi/12.2.0/thumb/v6-m/nofp/libgcc.a(_udivsi3.o)
 .debug_line_str
                0x000000000000010c       0x92 /usr/lib/gcc/arm-none-eabi/12.2.0/thumb/v6-m/nofp/libgcc.a(_dvmd_tls.o)
